mode: set
github.com/edgexfoundry/device-sdk-go/v4/pkg/service/async.go:37.85,39.6 2 0
github.com/edgexfoundry/device-sdk-go/v4/pkg/service/async.go:39.6,40.10 1 0
github.com/edgexfoundry/device-sdk-go/v4/pkg/service/async.go:41.21,42.10 1 0
github.com/edgexfoundry/device-sdk-go/v4/pkg/service/async.go:43.27,44.43 1 0
github.com/edgexfoundry/device-sdk-go/v4/pkg/service/async.go:50.107,52.15 2 0
github.com/edgexfoundry/device-sdk-go/v4/pkg/service/async.go:52.15,54.3 1 0
github.com/edgexfoundry/device-sdk-go/v4/pkg/service/async.go:57.2,59.33 2 0
github.com/edgexfoundry/device-sdk-go/v4/pkg/service/async.go:59.33,62.3 2 0
github.com/edgexfoundry/device-sdk-go/v4/pkg/service/async.go:63.2,63.56 1 0
github.com/edgexfoundry/device-sdk-go/v4/pkg/service/async.go:63.56,66.3 2 0
github.com/edgexfoundry/device-sdk-go/v4/pkg/service/async.go:69.2,69.57 1 0
github.com/edgexfoundry/device-sdk-go/v4/pkg/service/async.go:69.57,71.3 1 0
github.com/edgexfoundry/device-sdk-go/v4/pkg/service/async.go:73.2,75.16 3 0
github.com/edgexfoundry/device-sdk-go/v4/pkg/service/async.go:75.16,78.3 2 0
github.com/edgexfoundry/device-sdk-go/v4/pkg/service/async.go:80.2,80.34 1 0
github.com/edgexfoundry/device-sdk-go/v4/pkg/service/async.go:85.71,86.6 1 0
github.com/edgexfoundry/device-sdk-go/v4/pkg/service/async.go:86.6,87.10 1 0
github.com/edgexfoundry/device-sdk-go/v4/pkg/service/async.go:88.21,89.10 1 0
github.com/edgexfoundry/device-sdk-go/v4/pkg/service/async.go:90.32,93.30 3 0
github.com/edgexfoundry/device-sdk-go/v4/pkg/service/async.go:93.30,94.28 1 0
github.com/edgexfoundry/device-sdk-go/v4/pkg/service/async.go:94.28,95.40 1 0
github.com/edgexfoundry/device-sdk-go/v4/pkg/service/async.go:95.40,97.15 2 0
github.com/edgexfoundry/device-sdk-go/v4/pkg/service/async.go:99.6,99.60 1 0
github.com/edgexfoundry/device-sdk-go/v4/pkg/service/async.go:99.60,100.55 1 0
github.com/edgexfoundry/device-sdk-go/v4/pkg/service/async.go:100.55,102.13 2 0
github.com/edgexfoundry/device-sdk-go/v4/pkg/service/async.go:105.7,121.21 5 0
github.com/edgexfoundry/device-sdk-go/v4/pkg/service/async.go:121.21,123.8 1 0
github.com/edgexfoundry/device-sdk-go/v4/pkg/service/async.go:123.13,124.13 1 0
github.com/edgexfoundry/device-sdk-go/v4/pkg/service/async.go:129.4,129.51 1 0
github.com/edgexfoundry/device-sdk-go/v4/pkg/service/async.go:134.103,136.39 1 1
github.com/edgexfoundry/device-sdk-go/v4/pkg/service/async.go:136.39,138.43 2 1
github.com/edgexfoundry/device-sdk-go/v4/pkg/service/async.go:138.43,139.39 1 1
github.com/edgexfoundry/device-sdk-go/v4/pkg/service/async.go:139.39,141.26 2 1
github.com/edgexfoundry/device-sdk-go/v4/pkg/service/async.go:141.26,143.14 2 0
github.com/edgexfoundry/device-sdk-go/v4/pkg/service/async.go:145.5,146.31 2 1
github.com/edgexfoundry/device-sdk-go/v4/pkg/service/async.go:146.31,148.11 2 1
github.com/edgexfoundry/device-sdk-go/v4/pkg/service/async.go:150.5,150.22 1 1
github.com/edgexfoundry/device-sdk-go/v4/pkg/service/async.go:154.3,154.42 1 1
github.com/edgexfoundry/device-sdk-go/v4/pkg/service/async.go:154.42,156.4 1 1
github.com/edgexfoundry/device-sdk-go/v4/pkg/service/async.go:158.2,158.14 1 1
github.com/edgexfoundry/device-sdk-go/v4/pkg/service/async.go:161.103,163.54 1 1
github.com/edgexfoundry/device-sdk-go/v4/pkg/service/async.go:163.54,165.40 1 1
github.com/edgexfoundry/device-sdk-go/v4/pkg/service/async.go:165.40,166.39 1 1
github.com/edgexfoundry/device-sdk-go/v4/pkg/service/async.go:166.39,168.26 2 1
github.com/edgexfoundry/device-sdk-go/v4/pkg/service/async.go:168.26,170.14 2 0
github.com/edgexfoundry/device-sdk-go/v4/pkg/service/async.go:172.5,172.33 1 1
github.com/edgexfoundry/device-sdk-go/v4/pkg/service/async.go:172.33,173.26 1 1
github.com/edgexfoundry/device-sdk-go/v4/pkg/service/async.go:173.26,176.7 2 1
github.com/edgexfoundry/device-sdk-go/v4/pkg/service/async.go:181.2,181.13 1 1
github.com/edgexfoundry/device-sdk-go/v4/pkg/service/init.go:40.68,45.2 1 0
github.com/edgexfoundry/device-sdk-go/v4/pkg/service/init.go:47.141,58.85 10 0
github.com/edgexfoundry/device-sdk-go/v4/pkg/service/init.go:58.85,60.3 1 0
github.com/edgexfoundry/device-sdk-go/v4/pkg/service/init.go:62.2,63.21 2 0
github.com/edgexfoundry/device-sdk-go/v4/pkg/service/init.go:63.21,66.3 2 0
github.com/edgexfoundry/device-sdk-go/v4/pkg/service/init.go:68.2,71.28 4 0
github.com/edgexfoundry/device-sdk-go/v4/pkg/service/init.go:71.28,73.3 1 0
github.com/edgexfoundry/device-sdk-go/v4/pkg/service/init.go:74.2,75.69 1 0
github.com/edgexfoundry/device-sdk-go/v4/pkg/service/init.go:75.69,77.4 1 0
github.com/edgexfoundry/device-sdk-go/v4/pkg/service/init.go:80.2,80.30 1 0
github.com/edgexfoundry/device-sdk-go/v4/pkg/service/init.go:80.30,83.13 3 0
github.com/edgexfoundry/device-sdk-go/v4/pkg/service/init.go:83.13,86.4 2 0
github.com/edgexfoundry/device-sdk-go/v4/pkg/service/init.go:89.2,89.32 1 0
github.com/edgexfoundry/device-sdk-go/v4/pkg/service/init.go:89.32,92.13 3 0
github.com/edgexfoundry/device-sdk-go/v4/pkg/service/init.go:92.13,95.4 2 0
github.com/edgexfoundry/device-sdk-go/v4/pkg/service/init.go:98.2,99.16 2 0
github.com/edgexfoundry/device-sdk-go/v4/pkg/service/init.go:99.16,102.3 2 0
github.com/edgexfoundry/device-sdk-go/v4/pkg/service/init.go:104.2,105.21 2 0
github.com/edgexfoundry/device-sdk-go/v4/pkg/service/init.go:105.21,108.3 2 0
github.com/edgexfoundry/device-sdk-go/v4/pkg/service/init.go:110.2,111.21 2 0
github.com/edgexfoundry/device-sdk-go/v4/pkg/service/init.go:111.21,114.3 2 0
github.com/edgexfoundry/device-sdk-go/v4/pkg/service/init.go:116.2,117.21 2 0
github.com/edgexfoundry/device-sdk-go/v4/pkg/service/init.go:117.21,120.3 2 0
github.com/edgexfoundry/device-sdk-go/v4/pkg/service/init.go:122.2,123.21 2 0
github.com/edgexfoundry/device-sdk-go/v4/pkg/service/init.go:123.21,126.3 2 0
github.com/edgexfoundry/device-sdk-go/v4/pkg/service/init.go:128.2,133.13 3 0
github.com/edgexfoundry/device-sdk-go/v4/pkg/service/init.go:136.105,142.9 6 0
github.com/edgexfoundry/device-sdk-go/v4/pkg/service/init.go:142.9,145.3 2 0
github.com/edgexfoundry/device-sdk-go/v4/pkg/service/init.go:146.2,149.35 3 0
github.com/edgexfoundry/device-sdk-go/v4/pkg/service/init.go:149.35,150.61 1 0
github.com/edgexfoundry/device-sdk-go/v4/pkg/service/init.go:150.61,154.4 3 0
github.com/edgexfoundry/device-sdk-go/v4/pkg/service/init.go:154.9,157.4 2 0
github.com/edgexfoundry/device-sdk-go/v4/pkg/service/init.go:158.3,158.17 1 0
github.com/edgexfoundry/device-sdk-go/v4/pkg/service/init.go:158.17,159.9 1 0
github.com/edgexfoundry/device-sdk-go/v4/pkg/service/init.go:161.3,162.34 2 0
github.com/edgexfoundry/device-sdk-go/v4/pkg/service/init.go:165.2,165.16 1 0
github.com/edgexfoundry/device-sdk-go/v4/pkg/service/init.go:165.16,168.3 2 0
github.com/edgexfoundry/device-sdk-go/v4/pkg/service/init.go:170.2,172.13 2 0
github.com/edgexfoundry/device-sdk-go/v4/pkg/service/init.go:175.74,179.2 1 0
github.com/edgexfoundry/device-sdk-go/v4/pkg/service/init.go:185.151,186.69 1 0
github.com/edgexfoundry/device-sdk-go/v4/pkg/service/init.go:186.69,188.3 1 0
github.com/edgexfoundry/device-sdk-go/v4/pkg/service/init.go:190.2,192.16 3 0
github.com/edgexfoundry/device-sdk-go/v4/pkg/service/init.go:192.16,195.3 2 0
github.com/edgexfoundry/device-sdk-go/v4/pkg/service/init.go:197.2,198.16 2 0
github.com/edgexfoundry/device-sdk-go/v4/pkg/service/init.go:198.16,201.3 2 0
github.com/edgexfoundry/device-sdk-go/v4/pkg/service/init.go:203.2,204.16 2 0
github.com/edgexfoundry/device-sdk-go/v4/pkg/service/init.go:204.16,207.3 2 0
github.com/edgexfoundry/device-sdk-go/v4/pkg/service/init.go:209.2,209.13 1 0
github.com/edgexfoundry/device-sdk-go/v4/pkg/service/managedautoevents.go:20.93,23.9 3 0
github.com/edgexfoundry/device-sdk-go/v4/pkg/service/managedautoevents.go:23.9,27.3 3 0
github.com/edgexfoundry/device-sdk-go/v4/pkg/service/managedautoevents.go:29.2,29.38 1 0
github.com/edgexfoundry/device-sdk-go/v4/pkg/service/managedautoevents.go:29.38,30.39 1 0
github.com/edgexfoundry/device-sdk-go/v4/pkg/service/managedautoevents.go:30.39,35.9 5 0
github.com/edgexfoundry/device-sdk-go/v4/pkg/service/managedautoevents.go:39.2,39.12 1 0
github.com/edgexfoundry/device-sdk-go/v4/pkg/service/managedautoevents.go:39.12,43.17 4 0
github.com/edgexfoundry/device-sdk-go/v4/pkg/service/managedautoevents.go:43.17,46.4 2 0
github.com/edgexfoundry/device-sdk-go/v4/pkg/service/managedautoevents.go:48.2,50.12 2 0
github.com/edgexfoundry/device-sdk-go/v4/pkg/service/managedautoevents.go:54.96,56.9 2 0
github.com/edgexfoundry/device-sdk-go/v4/pkg/service/managedautoevents.go:56.9,60.3 3 0
github.com/edgexfoundry/device-sdk-go/v4/pkg/service/managedautoevents.go:62.2,62.38 1 0
github.com/edgexfoundry/device-sdk-go/v4/pkg/service/managedautoevents.go:62.38,63.39 1 0
github.com/edgexfoundry/device-sdk-go/v4/pkg/service/managedautoevents.go:63.39,66.9 3 0
github.com/edgexfoundry/device-sdk-go/v4/pkg/service/managedautoevents.go:70.2,71.16 2 0
github.com/edgexfoundry/device-sdk-go/v4/pkg/service/managedautoevents.go:71.16,74.3 2 0
github.com/edgexfoundry/device-sdk-go/v4/pkg/service/managedautoevents.go:75.2,77.12 2 0
github.com/edgexfoundry/device-sdk-go/v4/pkg/service/manageddevices.go:28.73,29.55 1 0
github.com/edgexfoundry/device-sdk-go/v4/pkg/service/manageddevices.go:29.55,31.3 1 0
github.com/edgexfoundry/device-sdk-go/v4/pkg/service/manageddevices.go:33.2,39.16 6 0
github.com/edgexfoundry/device-sdk-go/v4/pkg/service/manageddevices.go:39.16,42.3 2 0
github.com/edgexfoundry/device-sdk-go/v4/pkg/service/manageddevices.go:44.2,44.23 1 0
github.com/edgexfoundry/device-sdk-go/v4/pkg/service/manageddevices.go:48.51,50.2 1 0
github.com/edgexfoundry/device-sdk-go/v4/pkg/service/manageddevices.go:53.77,55.9 2 0
github.com/edgexfoundry/device-sdk-go/v4/pkg/service/manageddevices.go:55.9,59.3 3 0
github.com/edgexfoundry/device-sdk-go/v4/pkg/service/manageddevices.go:60.2,60.20 1 0
github.com/edgexfoundry/device-sdk-go/v4/pkg/service/manageddevices.go:64.63,67.2 2 0
github.com/edgexfoundry/device-sdk-go/v4/pkg/service/manageddevices.go:71.63,72.51 1 0
github.com/edgexfoundry/device-sdk-go/v4/pkg/service/manageddevices.go:72.51,74.3 1 0
github.com/edgexfoundry/device-sdk-go/v4/pkg/service/manageddevices.go:76.2,79.16 4 0
github.com/edgexfoundry/device-sdk-go/v4/pkg/service/manageddevices.go:79.16,81.3 1 0
github.com/edgexfoundry/device-sdk-go/v4/pkg/service/manageddevices.go:83.2,83.12 1 0
github.com/edgexfoundry/device-sdk-go/v4/pkg/service/manageddevices.go:87.66,89.2 1 0
github.com/edgexfoundry/device-sdk-go/v4/pkg/service/manageddevices.go:93.100,99.2 2 0
github.com/edgexfoundry/device-sdk-go/v4/pkg/service/manageddevices.go:105.75,106.30 1 0
github.com/edgexfoundry/device-sdk-go/v4/pkg/service/manageddevices.go:106.30,110.3 3 0
github.com/edgexfoundry/device-sdk-go/v4/pkg/service/manageddevices.go:112.2,112.65 1 0
github.com/edgexfoundry/device-sdk-go/v4/pkg/service/manageddevices.go:112.65,114.3 1 0
github.com/edgexfoundry/device-sdk-go/v4/pkg/service/manageddevices.go:116.2,123.16 5 0
github.com/edgexfoundry/device-sdk-go/v4/pkg/service/manageddevices.go:123.16,125.3 1 0
github.com/edgexfoundry/device-sdk-go/v4/pkg/service/manageddevices.go:127.2,127.12 1 0
github.com/edgexfoundry/device-sdk-go/v4/pkg/service/managedprofiles.go:27.88,28.57 1 0
github.com/edgexfoundry/device-sdk-go/v4/pkg/service/managedprofiles.go:28.57,30.3 1 0
github.com/edgexfoundry/device-sdk-go/v4/pkg/service/managedprofiles.go:32.2,36.16 5 0
github.com/edgexfoundry/device-sdk-go/v4/pkg/service/managedprofiles.go:36.16,39.3 2 0
github.com/edgexfoundry/device-sdk-go/v4/pkg/service/managedprofiles.go:40.2,41.16 2 0
github.com/edgexfoundry/device-sdk-go/v4/pkg/service/managedprofiles.go:41.16,44.3 2 0
github.com/edgexfoundry/device-sdk-go/v4/pkg/service/managedprofiles.go:46.2,46.23 1 0
github.com/edgexfoundry/device-sdk-go/v4/pkg/service/managedprofiles.go:50.65,52.2 1 0
github.com/edgexfoundry/device-sdk-go/v4/pkg/service/managedprofiles.go:55.85,57.9 2 0
github.com/edgexfoundry/device-sdk-go/v4/pkg/service/managedprofiles.go:57.9,61.3 3 0
github.com/edgexfoundry/device-sdk-go/v4/pkg/service/managedprofiles.go:62.2,62.21 1 0
github.com/edgexfoundry/device-sdk-go/v4/pkg/service/managedprofiles.go:67.70,69.9 2 0
github.com/edgexfoundry/device-sdk-go/v4/pkg/service/managedprofiles.go:69.9,73.3 3 0
github.com/edgexfoundry/device-sdk-go/v4/pkg/service/managedprofiles.go:75.2,78.16 4 0
github.com/edgexfoundry/device-sdk-go/v4/pkg/service/managedprofiles.go:78.16,81.3 2 0
github.com/edgexfoundry/device-sdk-go/v4/pkg/service/managedprofiles.go:83.2,84.12 2 0
github.com/edgexfoundry/device-sdk-go/v4/pkg/service/managedprofiles.go:89.81,91.9 2 0
github.com/edgexfoundry/device-sdk-go/v4/pkg/service/managedprofiles.go:91.9,95.3 3 0
github.com/edgexfoundry/device-sdk-go/v4/pkg/service/managedprofiles.go:97.2,101.16 5 0
github.com/edgexfoundry/device-sdk-go/v4/pkg/service/managedprofiles.go:101.16,104.3 2 0
github.com/edgexfoundry/device-sdk-go/v4/pkg/service/managedprofiles.go:106.2,106.12 1 0
github.com/edgexfoundry/device-sdk-go/v4/pkg/service/managedprofiles.go:111.107,113.9 2 0
github.com/edgexfoundry/device-sdk-go/v4/pkg/service/managedprofiles.go:113.9,116.3 2 0
github.com/edgexfoundry/device-sdk-go/v4/pkg/service/managedprofiles.go:118.2,119.9 2 0
github.com/edgexfoundry/device-sdk-go/v4/pkg/service/managedprofiles.go:119.9,121.3 1 0
github.com/edgexfoundry/device-sdk-go/v4/pkg/service/managedprofiles.go:122.2,122.17 1 0
github.com/edgexfoundry/device-sdk-go/v4/pkg/service/managedprofiles.go:127.112,129.9 2 0
github.com/edgexfoundry/device-sdk-go/v4/pkg/service/managedprofiles.go:129.9,132.3 2 0
github.com/edgexfoundry/device-sdk-go/v4/pkg/service/managedprofiles.go:134.2,135.9 2 0
github.com/edgexfoundry/device-sdk-go/v4/pkg/service/managedprofiles.go:135.9,137.3 1 0
github.com/edgexfoundry/device-sdk-go/v4/pkg/service/managedprofiles.go:138.2,138.17 1 0
github.com/edgexfoundry/device-sdk-go/v4/pkg/service/managedwatchers.go:26.94,27.67 1 0
github.com/edgexfoundry/device-sdk-go/v4/pkg/service/managedwatchers.go:27.67,30.3 1 0
github.com/edgexfoundry/device-sdk-go/v4/pkg/service/managedwatchers.go:35.2,41.16 6 0
github.com/edgexfoundry/device-sdk-go/v4/pkg/service/managedwatchers.go:41.16,44.3 2 0
github.com/edgexfoundry/device-sdk-go/v4/pkg/service/managedwatchers.go:46.2,46.23 1 0
github.com/edgexfoundry/device-sdk-go/v4/pkg/service/managedwatchers.go:50.71,52.2 1 0
github.com/edgexfoundry/device-sdk-go/v4/pkg/service/managedwatchers.go:55.97,57.9 2 0
github.com/edgexfoundry/device-sdk-go/v4/pkg/service/managedwatchers.go:57.9,61.3 3 0
github.com/edgexfoundry/device-sdk-go/v4/pkg/service/managedwatchers.go:62.2,62.16 1 0
github.com/edgexfoundry/device-sdk-go/v4/pkg/service/managedwatchers.go:67.67,69.9 2 0
github.com/edgexfoundry/device-sdk-go/v4/pkg/service/managedwatchers.go:69.9,73.3 3 0
github.com/edgexfoundry/device-sdk-go/v4/pkg/service/managedwatchers.go:75.2,78.16 4 0
github.com/edgexfoundry/device-sdk-go/v4/pkg/service/managedwatchers.go:78.16,81.3 2 0
github.com/edgexfoundry/device-sdk-go/v4/pkg/service/managedwatchers.go:83.2,83.12 1 0
github.com/edgexfoundry/device-sdk-go/v4/pkg/service/managedwatchers.go:88.87,90.9 2 0
github.com/edgexfoundry/device-sdk-go/v4/pkg/service/managedwatchers.go:90.9,94.3 3 0
github.com/edgexfoundry/device-sdk-go/v4/pkg/service/managedwatchers.go:96.2,101.16 6 0
github.com/edgexfoundry/device-sdk-go/v4/pkg/service/managedwatchers.go:101.16,104.3 2 0
github.com/edgexfoundry/device-sdk-go/v4/pkg/service/managedwatchers.go:106.2,106.12 1 0
github.com/edgexfoundry/device-sdk-go/v4/pkg/service/service.go:80.136,82.22 2 1
github.com/edgexfoundry/device-sdk-go/v4/pkg/service/service.go:82.22,84.3 1 1
github.com/edgexfoundry/device-sdk-go/v4/pkg/service/service.go:85.2,87.26 2 1
github.com/edgexfoundry/device-sdk-go/v4/pkg/service/service.go:87.26,89.3 1 1
github.com/edgexfoundry/device-sdk-go/v4/pkg/service/service.go:90.2,94.69 3 1
github.com/edgexfoundry/device-sdk-go/v4/pkg/service/service.go:94.69,96.3 1 0
github.com/edgexfoundry/device-sdk-go/v4/pkg/service/service.go:96.8,98.3 1 1
github.com/edgexfoundry/device-sdk-go/v4/pkg/service/service.go:100.2,101.51 2 1
github.com/edgexfoundry/device-sdk-go/v4/pkg/service/service.go:104.37,135.53 19 0
github.com/edgexfoundry/device-sdk-go/v4/pkg/service/service.go:135.53,137.4 1 0
github.com/edgexfoundry/device-sdk-go/v4/pkg/service/service.go:138.53,140.4 1 0
github.com/edgexfoundry/device-sdk-go/v4/pkg/service/service.go:141.54,143.4 1 0
github.com/edgexfoundry/device-sdk-go/v4/pkg/service/service.go:144.62,146.4 1 0
github.com/edgexfoundry/device-sdk-go/v4/pkg/service/service.go:150.2,152.16 3 0
github.com/edgexfoundry/device-sdk-go/v4/pkg/service/service.go:152.16,154.3 1 0
github.com/edgexfoundry/device-sdk-go/v4/pkg/service/service.go:155.2,184.15 6 0
github.com/edgexfoundry/device-sdk-go/v4/pkg/service/service.go:184.15,188.3 3 0
github.com/edgexfoundry/device-sdk-go/v4/pkg/service/service.go:190.2,190.17 1 0
github.com/edgexfoundry/device-sdk-go/v4/pkg/service/service.go:190.17,193.3 2 0
github.com/edgexfoundry/device-sdk-go/v4/pkg/service/service.go:195.2,196.16 2 0
github.com/edgexfoundry/device-sdk-go/v4/pkg/service/service.go:196.16,199.3 2 0
github.com/edgexfoundry/device-sdk-go/v4/pkg/service/service.go:201.2,202.12 2 0
github.com/edgexfoundry/device-sdk-go/v4/pkg/service/service.go:206.39,208.2 1 1
github.com/edgexfoundry/device-sdk-go/v4/pkg/service/service.go:211.42,213.2 1 1
github.com/edgexfoundry/device-sdk-go/v4/pkg/service/service.go:216.77,218.2 1 0
github.com/edgexfoundry/device-sdk-go/v4/pkg/service/service.go:222.77,224.2 1 0
github.com/edgexfoundry/device-sdk-go/v4/pkg/service/service.go:227.62,228.17 1 1
github.com/edgexfoundry/device-sdk-go/v4/pkg/service/service.go:228.17,230.3 1 0
github.com/edgexfoundry/device-sdk-go/v4/pkg/service/service.go:231.2,231.13 1 1
github.com/edgexfoundry/device-sdk-go/v4/pkg/service/service.go:235.53,237.2 1 1
github.com/edgexfoundry/device-sdk-go/v4/pkg/service/service.go:239.74,241.2 1 1
github.com/edgexfoundry/device-sdk-go/v4/pkg/service/service.go:244.55,246.2 1 1
github.com/edgexfoundry/device-sdk-go/v4/pkg/service/service.go:248.85,250.2 1 1
github.com/edgexfoundry/device-sdk-go/v4/pkg/service/service.go:253.157,254.48 1 0
github.com/edgexfoundry/device-sdk-go/v4/pkg/service/service.go:254.48,258.3 2 0
github.com/edgexfoundry/device-sdk-go/v4/pkg/service/service.go:259.2,259.55 1 0
github.com/edgexfoundry/device-sdk-go/v4/pkg/service/service.go:265.109,266.30 1 0
github.com/edgexfoundry/device-sdk-go/v4/pkg/service/service.go:266.30,268.3 1 0
github.com/edgexfoundry/device-sdk-go/v4/pkg/service/service.go:270.2,270.93 1 0
github.com/edgexfoundry/device-sdk-go/v4/pkg/service/service.go:270.93,272.3 1 0
github.com/edgexfoundry/device-sdk-go/v4/pkg/service/service.go:274.2,277.12 3 0
github.com/edgexfoundry/device-sdk-go/v4/pkg/service/service.go:286.43,287.30 1 0
github.com/edgexfoundry/device-sdk-go/v4/pkg/service/service.go:287.30,291.3 1 0
github.com/edgexfoundry/device-sdk-go/v4/pkg/service/service.go:293.2,294.12 2 0
github.com/edgexfoundry/device-sdk-go/v4/pkg/service/service.go:298.55,312.16 7 0
github.com/edgexfoundry/device-sdk-go/v4/pkg/service/service.go:312.16,313.60 1 0
github.com/edgexfoundry/device-sdk-go/v4/pkg/service/service.go:313.60,317.18 4 0
github.com/edgexfoundry/device-sdk-go/v4/pkg/service/service.go:317.18,320.5 2 0
github.com/edgexfoundry/device-sdk-go/v4/pkg/service/service.go:321.4,322.67 2 0
github.com/edgexfoundry/device-sdk-go/v4/pkg/service/service.go:323.9,326.4 2 0
github.com/edgexfoundry/device-sdk-go/v4/pkg/service/service.go:327.8,332.17 5 0
github.com/edgexfoundry/device-sdk-go/v4/pkg/service/service.go:332.17,336.4 3 0
github.com/edgexfoundry/device-sdk-go/v4/pkg/service/service.go:339.2,339.12 1 0
github.com/edgexfoundry/device-sdk-go/v4/pkg/service/service.go:343.59,345.2 1 1
github.com/edgexfoundry/device-sdk-go/v4/pkg/service/service.go:348.42,350.16 2 1
github.com/edgexfoundry/device-sdk-go/v4/pkg/service/service.go:350.16,352.3 1 1
github.com/edgexfoundry/device-sdk-go/v4/pkg/service/service.go:355.61,357.23 2 1
github.com/edgexfoundry/device-sdk-go/v4/pkg/service/service.go:357.23,359.3 1 0
github.com/edgexfoundry/device-sdk-go/v4/pkg/service/service.go:362.2,364.27 2 1
github.com/edgexfoundry/device-sdk-go/v4/pkg/service/service.go:364.27,366.3 1 1
github.com/edgexfoundry/device-sdk-go/v4/pkg/service/service.go:371.120,374.2 2 0
github.com/edgexfoundry/device-sdk-go/v4/pkg/service/service.go:378.107,380.2 1 0
github.com/edgexfoundry/device-sdk-go/v4/pkg/service/service.go:383.90,385.2 1 0
